// Jest Snapshot v1, https://goo.gl/fbAQLP

exports[`<TripView /> should render component without trips 1`] = `<div />`;
