// Jest Snapshot v1, https://goo.gl/fbAQLP

exports[`<StarsRating /> should render component 1`] = `
<div
  className="stars-rating-container"
>
  <label
    className="rating-label"
  >
    Rate your trip:
  </label>
  <Rating
    emptySymbol={
      <i
        className="far fa-star star-empty"
      />
    }
    fullSymbol={
      <i
        className="fas fa-star star-full"
      />
    }
    initialRating={undefined}
    onChange={[Function]}
    onHover={[Function]}
  />
</div>
`;
