// Jest Snapshot v1, https://goo.gl/fbAQLP

exports[`<Home /> should render component 1`] = `
<div>
  <HomeContainer />
</div>
`;
