// Jest Snapshot v1, https://goo.gl/fbAQLP

exports[`<Layout /> should render component 1`] = `
<div>
  <Header />
  <div
    style={
      Object {
        "minHeight": "95vh",
      }
    }
  >
    <div>
      test
    </div>
  </div>
  <footer
    className="footer-wrapper"
  >
    <div
      className="footer-content"
    >
      <div
        className="social-media-icons"
      >
        <a
          className="footer-github"
          href="https://github.com/KovDimaY/Trip-Reviewer"
          rel="noopener noreferrer"
          target="_blank"
        >
          <i
            className="fab fa-github"
          />
        </a>
        <a
          className="footer-facebook"
          href="https://www.facebook.com/dmytro.kovalenko.1004"
          rel="noopener noreferrer"
          target="_blank"
        >
          <i
            className="fab fa-facebook"
          />
        </a>
        <a
          className="footer-vk"
          href="https://www.vk.com/id11545172"
          rel="noopener noreferrer"
          target="_blank"
        >
          <i
            className="fab fa-vk"
          />
        </a>
        <a
          className="footer-linkedin"
          href="https://www.linkedin.com/in/kovalenkodmytro"
          rel="noopener noreferrer"
          target="_blank"
        >
          <i
            className="fab fa-linkedin"
          />
        </a>
      </div>
      <p
        className="author"
      >
        Copyright Â© Dmytro Kovalenko ;)
      </p>
    </div>
  </footer>
</div>
`;
