// Jest Snapshot v1, https://goo.gl/fbAQLP

exports[`<AddTrip /> should render component 1`] = `
<div
  className="rl_container article"
>
  <form
    onSubmit={[Function]}
  >
    <h2>
      Add a review
    </h2>
    <div
      className="form_element"
    >
      <input
        onChange={[Function]}
        placeholder="Enter title"
        type="text"
        value=""
      />
    </div>
    <div
      className="form_element"
    >
      <input
        onChange={[Function]}
        placeholder="Enter author"
        type="text"
        value=""
      />
    </div>
    <textarea
      onChange={[Function]}
      value=""
    />
    <div
      className="form_element"
    >
      <input
        onChange={[Function]}
        placeholder="Enter duration"
        type="number"
        value=""
      />
    </div>
    <div
      className="form_element"
    >
      <select
        onChange={[Function]}
        value=""
      >
        <option
          val="1"
        >
          1
        </option>
        <option
          val="2"
        >
          2
        </option>
        <option
          val="3"
        >
          3
        </option>
        <option
          val="4"
        >
          4
        </option>
        <option
          val="5"
        >
          5
        </option>
      </select>
    </div>
    <div
      className="form_element"
    >
      <input
        onChange={[Function]}
        placeholder="Enter Price"
        type="number"
        value=""
      />
    </div>
    <button
      type="submit"
    >
      Add review
    </button>
  </form>
</div>
`;
