// Jest Snapshot v1, https://goo.gl/fbAQLP

exports[`<User /> should render component 1`] = `
<div
  className="user_container"
>
  <div
    className="avatar"
  >
    <img
      alt="avatar"
      src="/images/avatar.png"
    />
  </div>
  <div
    className="nfo"
  >
    <div>
      <span>
        Name:
      </span>
       
      name
    </div>
    <div>
      <span>
        Lastname:
      </span>
       
      lastname
    </div>
    <div>
      <span>
        Email:
      </span>
       
      email
    </div>
    <div>
      <span>
        Password:
      </span>
       * * * * * * 
    </div>
  </div>
  <div
    className="text-center"
  >
    <Link
      className="button-link"
      to="/user/edit-profile/undefined"
    >
      Edit Profile
    </Link>
  </div>
</div>
`;
